HELLO WORLD
hello world
&lt;div&gt;123&lt;/div&gt;
<div>123</div>
