<input type="text" value="This &#34;and that&#34; with &#39;this and that&#39;">