X
X
X
X
X
X
X
X
X
X
X
X
X

HEADER


ABCD1EFGFord
ABCDvalue1.1EFGvalue2.1
ABCDvalue1.2EFGvalue2.2
ABCDvalue1.3EFGvalue2.3

ABCD2EFGFerrari

ABCD3EFGLotus

ABCD4EFGFCA

ABCD5EFGHyundai

ABCD6EFGDe Tomaso

ABCD7EFGDodge

ABCD8EFGTesla

ABCD9EFGKia

ABCD10EFGTata

ABCD11EFGVolkswagen

ABCD12EFGAudi

ABCD13EFGSkoda
