value1.1
YY
trueABCtrueDEFDANIELE2

DANIELE3


DANIELE4-GHI-DANIELE5-JKL-DANIELE6

value1.1
XXX
value2.1
YYY
