Hello DANIELE2
DANIELE2 => daniele2
2024-08-20
    value1.1
    value1.2
    value1.3

Customer: ______Ford
  value1.1
  value1.2
  value1.3
  
Customer: ___Ferrari
  value1.1
  value1.2
  value1.3
  
Customer: _____Lotus
  value1.1
  value1.2
  value1.3
  
Customer: _______FCA
  value1.1
  value1.2
  value1.3
  
Customer: ___Hyundai
  value1.1
  value1.2
  value1.3
  
Customer: _De Tomaso
  value1.1
  value1.2
  value1.3
  
Customer: _____Dodge
  value1.1
  value1.2
  value1.3
  
Customer: _____Tesla
  value1.1
  value1.2
  value1.3
  
Customer: _______Kia
  value1.1
  value1.2
  value1.3
  
Customer: ______Tata
  value1.1
  value1.2
  value1.3
  
Customer: Volkswagen
  value1.1
  value1.2
  value1.3
  
Customer: ______Audi
  value1.1
  value1.2
  value1.3
  
Customer: _____Skoda
  value1.1
  value1.2
  value1.3
  
filter in if expression
