{"foo":"bar","bar":"foo","array":[10,20,{"value":12.3,"subarray":[100,200]}]}

KO

  
  
  
  
  12.3
  [100,200]
