  1. Ford
  2. Ferrari
  3. Lotus
  4. FCA
  6. De Tomaso
  7. Dodge
  8. Tesla
  10. Tata
  11. Volkswagen
  12. Audi
