** JSON **
1) BRUCE BANNER (age 56)
  1° smartphone
  2° dumbphone
Ferrari (Model F40)
this line is odd

  red - ff0000
    color: 1
  blue - 0000ff
    color: 2
  green - 00ff00
    color: 3

2) REED RICHARDS (age 45)
  1° dumbphone
Ferrari (Model 348GTB)

this line is even

3) SCOTT SUMMERS (age 54)
  1° smartphone
  2° desktop
Ford (Model MUSTANG)
this line is odd


4) DANIELE TETI (age 40)
  1° smartphone
  2° dumbphone
Lancia (Model DELTA HF INTEGRALE)

this line is even


** JSON Pseudo Variable **
1 - True - False
2 - False - True
3 - True - False
4 - False - True

<hello>world