HTML Encoded
&lt;div&gt;this &lt;strong&gt;HTML&lt;/strong&gt;&lt;/div&gt;

HTML Raw
<div>this <strong>HTML</strong></div>