I'm from the included file
This is value 1 true
Hello DANIELE2
I'm from the included file named 2
This is value 2 DANIELE2
Hello DANIELE2
I'm from the included file
This is value 1 true
DANIELE2 =&gt; daniele2
I'm from the included file
This is value 1 true