I'm from the included file
This is value 1 true
Hello There
I'm from the included file in partials folder
This is value 1 true
Hello There
I'm from the included file
This is value 1 true
DANIELE2 => daniele2
I'm from the included file
This is value 1 true