DataSets
Code: 1 - Name: Ford
SINGLE 1 Ford
Code: 2 - Name: Ferrari
SINGLE 1 Ford
Code: 3 - Name: Lotus
SINGLE 1 Ford
Code: 4 - Name: FCA
SINGLE 1 Ford
Code: 5 - Name: Hyundai
SINGLE 1 Ford
Code: 6 - Name: De Tomaso
SINGLE 1 Ford
Code: 7 - Name: Dodge
SINGLE 1 Ford
Code: 8 - Name: Tesla
SINGLE 1 Ford
Code: 9 - Name: Kia
SINGLE 1 Ford
Code: 10 - Name: Tata
SINGLE 1 Ford
Code: 11 - Name: Volkswagen
SINGLE 1 Ford
Code: 12 - Name: Audi
SINGLE 1 Ford
Code: 13 - Name: Skoda
SINGLE 1 Ford
